Link for reads download - 48.8GB
https://trace.ncbi.nlm.nih.gov/Traces/index.html?view=run_browser&acc=SRR9853855&display=metadata

C:\Users\ARYJIT SATAPATHY> wsl
Provisioning the new WSL instance Ubuntu
This might take a while...
Create a default Unix user account: aryjit
New password:
Retype new password:
passwd: password updated successfully
To run a command as administrator (user "root"), use "sudo <command>".
See "man sudo_root" for details.

Welcome to Ubuntu 24.04.3 LTS (GNU/Linux 6.6.87.2-microsoft-standard-WSL2 x86_64)

 * Documentation:  https://help.ubuntu.com
 * Management:     https://landscape.canonical.com
 * Support:        https://ubuntu.com/pro

 System information as of Mon Dec 22 12:30:21 UTC 2025

  System load:  0.18                Processes:             26
  Usage of /:   0.1% of 1006.85GB   Users logged in:       0
  Memory usage: 9%                  IPv4 address for eth0: 192.168.36.255
  Swap usage:   0%


This message is shown once a day. To disable it please create the
/home/aryjit/.hushlogin file.
aryjit@LAPTOP-TO36K8LO:/mnt/c/Users/ARYJIT SATAPATHY$ cd
aryjit@LAPTOP-TO36K8LO:~$ cd "C:\Users\ARYJIT SATAPATHY\OneDrive\Desktop\sratoolkit.3.3.0-win64"
-bash: cd: C:\Users\ARYJIT SATAPATHY\OneDrive\Desktop\sratoolkit.3.3.0-win64: No such file or directory
aryjit@LAPTOP-TO36K8LO:~$ cd"C:\Users\ARYJIT SATAPATHY\OneDrive\Desktop\sratoolkit.3.3.0-win64"
cdC:\Users\ARYJIT SATAPATHY\OneDrive\Desktop\sratoolkit.3.3.0-win64: command not found
aryjit@LAPTOP-TO36K8LO:~$ cd "/mnt/c/Users/ARYJIT SATAPATHY/OneDrive/Desktop/sratoolkit.3.3.0-win64"
aryjit@LAPTOP-TO36K8LO:/mnt/c/Users/ARYJIT SATAPATHY/OneDrive/Desktop/sratoolkit.3.3.0-win64$ cd bin
aryjit@LAPTOP-TO36K8LO:/mnt/c/Users/ARYJIT SATAPATHY/OneDrive/Desktop/sratoolkit.3.3.0-win64/bin$ ls
abi-dump.exe           fastq-dump-orig.exe  ncbi               sam-dump.exe         srapath-orig.exe  vdb-decrypt.exe    vdb-unlock.exe
align-info.exe         fastq-dump.exe       prefetch-orig.exe  sff-dump.exe         srapath.exe       vdb-dump-orig.exe  vdb-validate.exe
cache-mgr.exe          illumina-dump.exe    prefetch.exe       sra-pileup-orig.exe  test-sra.exe      vdb-dump.exe
fasterq-dump-orig.exe  kar.exe              rcexplain.exe      sra-pileup.exe       vdb-config.exe    vdb-encrypt.exe
fasterq-dump.exe       kdbmeta.exe          sam-dump-orig.exe  sra-stat.exe         vdb-copy.exe      vdb-lock.exe
aryjit@LAPTOP-TO36K8LO:/mnt/c/Users/ARYJIT SATAPATHY/OneDrive/Desktop/sratoolkit.3.3.0-win64/bin$ sudo apt update
[sudo] password for aryjit:
Hit:1 http://archive.ubuntu.com/ubuntu noble InRelease
Get:2 http://security.ubuntu.com/ubuntu noble-security InRelease [126 kB]
Get:3 http://archive.ubuntu.com/ubuntu noble-updates InRelease [126 kB]
Get:4 http://security.ubuntu.com/ubuntu noble-security/main amd64 Packages [1391 kB]
Get:5 http://archive.ubuntu.com/ubuntu noble-backports InRelease [126 kB]
Get:6 http://archive.ubuntu.com/ubuntu noble/universe amd64 Packages [15.0 MB]
Get:7 http://security.ubuntu.com/ubuntu noble-security/main Translation-en [225 kB]
Get:8 http://security.ubuntu.com/ubuntu noble-security/main amd64 Components [21.5 kB]
Get:9 http://security.ubuntu.com/ubuntu noble-security/main amd64 c-n-f Metadata [9504 B]
Get:10 http://security.ubuntu.com/ubuntu noble-security/universe amd64 Packages [916 kB]
Get:11 http://security.ubuntu.com/ubuntu noble-security/universe Translation-en [207 kB]
Get:12 http://security.ubuntu.com/ubuntu noble-security/universe amd64 Components [71.5 kB]
Get:13 http://security.ubuntu.com/ubuntu noble-security/universe amd64 c-n-f Metadata [19.4 kB]
Get:14 http://security.ubuntu.com/ubuntu noble-security/restricted amd64 Packages [2286 kB]
Get:15 http://security.ubuntu.com/ubuntu noble-security/restricted Translation-en [523 kB]
Get:16 http://security.ubuntu.com/ubuntu noble-security/restricted amd64 Components [212 B]
Get:17 http://security.ubuntu.com/ubuntu noble-security/restricted amd64 c-n-f Metadata [500 B]
Get:18 http://security.ubuntu.com/ubuntu noble-security/multiverse amd64 Packages [27.4 kB]
Get:19 http://security.ubuntu.com/ubuntu noble-security/multiverse Translation-en [5956 B]
Get:20 http://security.ubuntu.com/ubuntu noble-security/multiverse amd64 Components [212 B]
Get:21 http://security.ubuntu.com/ubuntu noble-security/multiverse amd64 c-n-f Metadata [384 B]
Get:22 http://archive.ubuntu.com/ubuntu noble/universe Translation-en [5982 kB]
Get:23 http://archive.ubuntu.com/ubuntu noble/universe amd64 Components [3871 kB]
Get:24 http://archive.ubuntu.com/ubuntu noble/universe amd64 c-n-f Metadata [301 kB]
Get:25 http://archive.ubuntu.com/ubuntu noble/multiverse amd64 Packages [269 kB]
Get:26 http://archive.ubuntu.com/ubuntu noble/multiverse Translation-en [118 kB]
Get:27 http://archive.ubuntu.com/ubuntu noble/multiverse amd64 Components [35.0 kB]
Get:28 http://archive.ubuntu.com/ubuntu noble/multiverse amd64 c-n-f Metadata [8328 B]
Get:29 http://archive.ubuntu.com/ubuntu noble-updates/main amd64 Packages [1684 kB]
Get:30 http://archive.ubuntu.com/ubuntu noble-updates/main Translation-en [311 kB]
Get:31 http://archive.ubuntu.com/ubuntu noble-updates/main amd64 Components [175 kB]
Get:32 http://archive.ubuntu.com/ubuntu noble-updates/main amd64 c-n-f Metadata [15.8 kB]
Get:33 http://archive.ubuntu.com/ubuntu noble-updates/universe amd64 Packages [1506 kB]
Get:34 http://archive.ubuntu.com/ubuntu noble-updates/universe Translation-en [306 kB]
Get:35 http://archive.ubuntu.com/ubuntu noble-updates/universe amd64 Components [378 kB]
Get:36 http://archive.ubuntu.com/ubuntu noble-updates/universe amd64 c-n-f Metadata [31.4 kB]
Get:37 http://archive.ubuntu.com/ubuntu noble-updates/restricted amd64 Packages [2413 kB]
Get:38 http://archive.ubuntu.com/ubuntu noble-updates/restricted Translation-en [550 kB]
Get:39 http://archive.ubuntu.com/ubuntu noble-updates/restricted amd64 Components [212 B]
Get:40 http://archive.ubuntu.com/ubuntu noble-updates/restricted amd64 c-n-f Metadata [516 B]
Get:41 http://archive.ubuntu.com/ubuntu noble-updates/multiverse amd64 Packages [30.3 kB]
Get:42 http://archive.ubuntu.com/ubuntu noble-updates/multiverse Translation-en [6048 B]
Get:43 http://archive.ubuntu.com/ubuntu noble-updates/multiverse amd64 Components [940 B]
Get:44 http://archive.ubuntu.com/ubuntu noble-updates/multiverse amd64 c-n-f Metadata [488 B]
Get:45 http://archive.ubuntu.com/ubuntu noble-backports/main amd64 Packages [40.4 kB]
Get:46 http://archive.ubuntu.com/ubuntu noble-backports/main Translation-en [9208 B]
Get:47 http://archive.ubuntu.com/ubuntu noble-backports/main amd64 Components [7320 B]
Get:48 http://archive.ubuntu.com/ubuntu noble-backports/main amd64 c-n-f Metadata [368 B]
Get:49 http://archive.ubuntu.com/ubuntu noble-backports/universe amd64 Packages [29.5 kB]
Get:50 http://archive.ubuntu.com/ubuntu noble-backports/universe Translation-en [17.9 kB]
Get:51 http://archive.ubuntu.com/ubuntu noble-backports/universe amd64 Components [10.5 kB]
Get:52 http://archive.ubuntu.com/ubuntu noble-backports/universe amd64 c-n-f Metadata [1444 B]
Get:53 http://archive.ubuntu.com/ubuntu noble-backports/restricted amd64 Components [212 B]
Get:54 http://archive.ubuntu.com/ubuntu noble-backports/restricted amd64 c-n-f Metadata [116 B]
Get:55 http://archive.ubuntu.com/ubuntu noble-backports/multiverse amd64 Components [212 B]
Get:56 http://archive.ubuntu.com/ubuntu noble-backports/multiverse amd64 c-n-f Metadata [116 B]
Fetched 39.2 MB in 15s (2565 kB/s)
Reading package lists... Done
Building dependency tree... Done
Reading state information... Done
104 packages can be upgraded. Run 'apt list --upgradable' to see them.
aryjit@LAPTOP-TO36K8LO:/mnt/c/Users/ARYJIT SATAPATHY/OneDrive/Desktop/sratoolkit.3.3.0-win64/bin$ sudo apt install sra-toolkit -y
Reading package lists... Done
Building dependency tree... Done
Reading state information... Done
The following additional packages will be installed:
  blends-common libaec0 libhdf5-103-1t64 libmbedcrypto7t64 libmbedtls14t64 libmbedx509-1t64 libncbi-vdb3 libncbi-wvdb3 libre2-10 libsz2 med-config menu
  ncbi-vdb-data
Suggested packages:
  blends-doc menu-l10n gksu | kde-cli-tools | ktsuss
The following NEW packages will be installed:
  blends-common libaec0 libhdf5-103-1t64 libmbedcrypto7t64 libmbedtls14t64 libmbedx509-1t64 libncbi-vdb3 libncbi-wvdb3 libre2-10 libsz2 med-config menu
  ncbi-vdb-data sra-toolkit
0 upgraded, 14 newly installed, 0 to remove and 104 not upgraded.
Need to get 11.5 MB of archives.
After this operation, 31.2 MB of additional disk space will be used.
Get:1 http://archive.ubuntu.com/ubuntu noble/universe amd64 menu amd64 2.1.50 [377 kB]
Get:2 http://archive.ubuntu.com/ubuntu noble/universe amd64 blends-common all 0.7.6 [15.2 kB]
Get:3 http://archive.ubuntu.com/ubuntu noble/universe amd64 libaec0 amd64 1.1.2-1build1 [22.9 kB]
Get:4 http://archive.ubuntu.com/ubuntu noble/universe amd64 libsz2 amd64 1.1.2-1build1 [5476 B]
Get:5 http://archive.ubuntu.com/ubuntu noble/universe amd64 libhdf5-103-1t64 amd64 1.10.10+repack-3.1ubuntu4 [1270 kB]
Get:6 http://archive.ubuntu.com/ubuntu noble/universe amd64 libmbedcrypto7t64 amd64 2.28.8-1 [209 kB]
Get:7 http://archive.ubuntu.com/ubuntu noble/universe amd64 libmbedx509-1t64 amd64 2.28.8-1 [46.6 kB]
Get:8 http://archive.ubuntu.com/ubuntu noble/universe amd64 libmbedtls14t64 amd64 2.28.8-1 [82.2 kB]
Get:9 http://archive.ubuntu.com/ubuntu noble/universe amd64 ncbi-vdb-data all 3.0.2+dfsg-2build2 [67.5 kB]
Get:10 http://archive.ubuntu.com/ubuntu noble/universe amd64 libncbi-vdb3 amd64 3.0.2+dfsg-2build2 [1112 kB]
Get:11 http://archive.ubuntu.com/ubuntu noble/universe amd64 libncbi-wvdb3 amd64 3.0.2+dfsg-2build2 [1137 kB]
Get:12 http://archive.ubuntu.com/ubuntu noble/main amd64 libre2-10 amd64 20230301-3build1 [168 kB]
Get:13 http://archive.ubuntu.com/ubuntu noble/universe amd64 sra-toolkit amd64 3.0.3+dfsg-6ubuntu5 [7022 kB]
Get:14 http://archive.ubuntu.com/ubuntu noble/universe amd64 med-config all 3.8.1 [11.2 kB]
Fetched 11.5 MB in 7s (1738 kB/s)
Preconfiguring packages ...
Selecting previously unselected package menu.
(Reading database ... 40754 files and directories currently installed.)
Preparing to unpack .../00-menu_2.1.50_amd64.deb ...
Unpacking menu (2.1.50) ...
Selecting previously unselected package blends-common.
Preparing to unpack .../01-blends-common_0.7.6_all.deb ...
Unpacking blends-common (0.7.6) ...
Selecting previously unselected package libaec0:amd64.
Preparing to unpack .../02-libaec0_1.1.2-1build1_amd64.deb ...
Unpacking libaec0:amd64 (1.1.2-1build1) ...
Selecting previously unselected package libsz2:amd64.
Preparing to unpack .../03-libsz2_1.1.2-1build1_amd64.deb ...
Unpacking libsz2:amd64 (1.1.2-1build1) ...
Selecting previously unselected package libhdf5-103-1t64:amd64.
Preparing to unpack .../04-libhdf5-103-1t64_1.10.10+repack-3.1ubuntu4_amd64.deb ...
Unpacking libhdf5-103-1t64:amd64 (1.10.10+repack-3.1ubuntu4) ...
Selecting previously unselected package libmbedcrypto7t64:amd64.
Preparing to unpack .../05-libmbedcrypto7t64_2.28.8-1_amd64.deb ...
Unpacking libmbedcrypto7t64:amd64 (2.28.8-1) ...
Selecting previously unselected package libmbedx509-1t64:amd64.
Preparing to unpack .../06-libmbedx509-1t64_2.28.8-1_amd64.deb ...
Unpacking libmbedx509-1t64:amd64 (2.28.8-1) ...
Selecting previously unselected package libmbedtls14t64:amd64.
Preparing to unpack .../07-libmbedtls14t64_2.28.8-1_amd64.deb ...
Unpacking libmbedtls14t64:amd64 (2.28.8-1) ...
Selecting previously unselected package ncbi-vdb-data.
Preparing to unpack .../08-ncbi-vdb-data_3.0.2+dfsg-2build2_all.deb ...
Unpacking ncbi-vdb-data (3.0.2+dfsg-2build2) ...
Selecting previously unselected package libncbi-vdb3:amd64.
Preparing to unpack .../09-libncbi-vdb3_3.0.2+dfsg-2build2_amd64.deb ...
Unpacking libncbi-vdb3:amd64 (3.0.2+dfsg-2build2) ...
Selecting previously unselected package libncbi-wvdb3:amd64.
Preparing to unpack .../10-libncbi-wvdb3_3.0.2+dfsg-2build2_amd64.deb ...
Unpacking libncbi-wvdb3:amd64 (3.0.2+dfsg-2build2) ...
Selecting previously unselected package libre2-10:amd64.
Preparing to unpack .../11-libre2-10_20230301-3build1_amd64.deb ...
Unpacking libre2-10:amd64 (20230301-3build1) ...
Selecting previously unselected package sra-toolkit.
Preparing to unpack .../12-sra-toolkit_3.0.3+dfsg-6ubuntu5_amd64.deb ...
Unpacking sra-toolkit (3.0.3+dfsg-6ubuntu5) ...
Selecting previously unselected package med-config.
Preparing to unpack .../13-med-config_3.8.1_all.deb ...
Unpacking med-config (3.8.1) ...
Setting up libre2-10:amd64 (20230301-3build1) ...
Setting up libmbedcrypto7t64:amd64 (2.28.8-1) ...
Setting up libaec0:amd64 (1.1.2-1build1) ...
Setting up ncbi-vdb-data (3.0.2+dfsg-2build2) ...
Setting up menu (2.1.50) ...
Setting up libsz2:amd64 (1.1.2-1build1) ...
Setting up libmbedx509-1t64:amd64 (2.28.8-1) ...
Setting up libmbedtls14t64:amd64 (2.28.8-1) ...
Setting up libhdf5-103-1t64:amd64 (1.10.10+repack-3.1ubuntu4) ...
Setting up libncbi-vdb3:amd64 (3.0.2+dfsg-2build2) ...
Setting up libncbi-wvdb3:amd64 (3.0.2+dfsg-2build2) ...
Setting up sra-toolkit (3.0.3+dfsg-6ubuntu5) ...
Processing triggers for libc-bin (2.39-0ubuntu8.5) ...
Processing triggers for man-db (2.12.0-4build2) ...
Processing triggers for install-info (7.1-3build2) ...
Processing triggers for menu (2.1.50) ...
Setting up blends-common (0.7.6) ...
Setting up med-config (3.8.1) ...
info: Selecting GID from range 100 to 999 ...
info: Adding group `med' (GID 108) ...
aryjit@LAPTOP-TO36K8LO:/mnt/c/Users/ARYJIT SATAPATHY/OneDrive/Desktop/sratoolkit.3.3.0-win64/bin$ fastq-dump --version

fastq-dump : 3.0.3 ( 3.0.2 )

aryjit@LAPTOP-TO36K8LO:/mnt/c/Users/ARYJIT SATAPATHY/OneDrive/Desktop/sratoolkit.3.3.0-win64/bin$ prefetch SRR9853855

2025-12-22T12:35:25 prefetch.3.0.3: Current preference is set to retrieve SRA Normalized Format files with full base quality scores.
2025-12-22T12:35:26 prefetch.3.0.3 warn: Maximum file size download limit is 20GB
2025-12-22T12:35:26 prefetch.3.0.3: 1) 'SRR9853855' (48GB) is larger than maximum allowed: skipped

Download of some files was skipped because they are too large
You can change size download limit by setting
--min-size and --max-size command line arguments
aryjit@LAPTOP-TO36K8LO:/mnt/c/Users/ARYJIT SATAPATHY/OneDrive/Desktop/sratoolkit.3.3.0-win64/bin$ prefetch --max-size 50G SRR9853855

2025-12-22T12:36:22 prefetch.3.0.3: Current preference is set to retrieve SRA Normalized Format files with full base quality scores.
2025-12-22T12:36:23 prefetch.3.0.3: 1) Downloading 'SRR9853855'...
2025-12-22T12:36:23 prefetch.3.0.3: SRA Normalized Format file is being retrieved, if this is different from your preference, it may be due to current file availability.
2025-12-22T12:36:23 prefetch.3.0.3:  Downloading via HTTPS...

